
Allocating common symbols
Common symbol       size              file

intr_name           0x84              build/interrupt.o
idt_table           0x84              build/interrupt.o

Memory Configuration

Name             Origin             Length             Attributes
*default*        0x0000000000000000 0xffffffffffffffff

Linker script and memory map

Address of section .text set to 0xc0001500
LOAD build/main.o
LOAD build/init.o
LOAD build/interrupt.o
LOAD build/timer.o
LOAD build/kernel.o
LOAD build/print.o
LOAD build/debug.o
                [!provide]                        PROVIDE (__executable_start = SEGMENT_START ("text-segment", 0x8048000))
                0x0000000008048074                . = (SEGMENT_START ("text-segment", 0x8048000) + SIZEOF_HEADERS)

.interp
 *(.interp)

.note.gnu.build-id
 *(.note.gnu.build-id)

.hash
 *(.hash)

.gnu.hash
 *(.gnu.hash)

.dynsym
 *(.dynsym)

.dynstr
 *(.dynstr)

.gnu.version
 *(.gnu.version)

.gnu.version_d
 *(.gnu.version_d)

.gnu.version_r
 *(.gnu.version_r)

.rel.dyn        0x0000000008048074        0x0
 *(.rel.init)
 *(.rel.text .rel.text.* .rel.gnu.linkonce.t.*)
 .rel.text      0x0000000008048074        0x0 build/main.o
 *(.rel.fini)
 *(.rel.rodata .rel.rodata.* .rel.gnu.linkonce.r.*)
 *(.rel.data.rel.ro .rel.data.rel.ro.* .rel.gnu.linkonce.d.rel.ro.*)
 *(.rel.data .rel.data.* .rel.gnu.linkonce.d.*)
 *(.rel.tdata .rel.tdata.* .rel.gnu.linkonce.td.*)
 *(.rel.tbss .rel.tbss.* .rel.gnu.linkonce.tb.*)
 *(.rel.ctors)
 *(.rel.dtors)
 *(.rel.got)
 .rel.got       0x0000000008048074        0x0 build/main.o
 *(.rel.bss .rel.bss.* .rel.gnu.linkonce.b.*)
 *(.rel.ifunc)

.rel.plt        0x0000000008048074        0x0
 *(.rel.plt)
                [!provide]                        PROVIDE (__rel_iplt_start = .)
 *(.rel.iplt)
 .rel.iplt      0x0000000008048074        0x0 build/main.o
                [!provide]                        PROVIDE (__rel_iplt_end = .)

.init
 *(SORT_NONE(.init))

.plt            0x0000000008048074        0x0
 *(.plt)
 *(.iplt)
 .iplt          0x0000000008048074        0x0 build/main.o

.plt.got
 *(.plt.got)

.plt.sec
 *(.plt.sec)

.text           0x00000000c0001500      0xaa4
 *(.text.unlikely .text.*_unlikely .text.unlikely.*)
 *(.text.exit .text.exit.*)
 *(.text.startup .text.startup.*)
 *(.text.hot .text.hot.*)
 *(SORT_BY_NAME(.text.sorted.*))
 *(.text .stub .text.* .gnu.linkonce.t.*)
 .text          0x00000000c0001500       0x41 build/main.o
                0x00000000c0001500                main
 .text          0x00000000c0001541       0x23 build/init.o
                0x00000000c0001541                init_all
 .text          0x00000000c0001564      0x38a build/interrupt.o
                0x00000000c00017f6                intr_enable
                0x00000000c000181f                intr_disable
                0x00000000c0001848                intr_set_status
                0x00000000c0001866                intr_get_status
                0x00000000c0001883                idt_init
 .text          0x00000000c00018ee       0xeb build/timer.o
                0x00000000c0001998                timer_init
 *fill*         0x00000000c00019d9        0x7 
 .text          0x00000000c00019e0      0x393 build/kernel.o
                0x00000000c00019e0                intr_exit
 *fill*         0x00000000c0001d73        0xd 
 .text          0x00000000c0001d80      0x14e build/print.o
                0x00000000c0001d80                put_str
                0x00000000c0001d9e                put_char
                0x00000000c0001e6b                put_int
 .text          0x00000000c0001ece       0xd6 build/debug.o
                0x00000000c0001ece                panic_spin
 *(.gnu.warning)

.fini
 *(SORT_NONE(.fini))
                [!provide]                        PROVIDE (__etext = .)
                [!provide]                        PROVIDE (_etext = .)
                [!provide]                        PROVIDE (etext = .)

.rodata         0x00000000c0001fa4      0x2f7
 *(.rodata .rodata.* .gnu.linkonce.r.*)
 .rodata        0x00000000c0001fa4       0x25 build/main.o
 .rodata        0x00000000c0001fc9        0xa build/init.o
 *fill*         0x00000000c0001fd3        0x1 
 .rodata        0x00000000c0001fd4      0x265 build/interrupt.o
 .rodata        0x00000000c0002239       0x23 build/timer.o
 .rodata        0x00000000c000225c       0x3f build/debug.o

.rodata1
 *(.rodata1)

.eh_frame_hdr
 *(.eh_frame_hdr)
 *(.eh_frame_entry .eh_frame_entry.*)

.eh_frame       0x00000000c000229c      0x24c
 *(.eh_frame)
 .eh_frame      0x00000000c000229c       0x3c build/main.o
 .eh_frame      0x00000000c00022d8       0x20 build/init.o
                                         0x38 (size before relaxing)
 .eh_frame      0x00000000c00022f8      0x168 build/interrupt.o
                                        0x180 (size before relaxing)
 .eh_frame      0x00000000c0002460       0x6c build/timer.o
                                         0x84 (size before relaxing)
 .eh_frame      0x00000000c00024cc       0x1c build/debug.o
                                         0x34 (size before relaxing)
 *(.eh_frame.*)

.gcc_except_table
 *(.gcc_except_table .gcc_except_table.*)

.gnu_extab
 *(.gnu_extab*)

.exception_ranges
 *(.exception_ranges*)
                0x00000000c00034e8                . = DATA_SEGMENT_ALIGN (CONSTANT (MAXPAGESIZE), CONSTANT (COMMONPAGESIZE))

.eh_frame
 *(.eh_frame)
 *(.eh_frame.*)

.gnu_extab
 *(.gnu_extab)

.gcc_except_table
 *(.gcc_except_table .gcc_except_table.*)

.exception_ranges
 *(.exception_ranges*)

.tdata          0x00000000c00034e8        0x0
                [!provide]                        PROVIDE (__tdata_start = .)
 *(.tdata .tdata.* .gnu.linkonce.td.*)

.tbss
 *(.tbss .tbss.* .gnu.linkonce.tb.*)
 *(.tcommon)

.preinit_array  0x00000000c00034e8        0x0
                [!provide]                        PROVIDE (__preinit_array_start = .)
 *(.preinit_array)
                [!provide]                        PROVIDE (__preinit_array_end = .)

.init_array     0x00000000c00034e8        0x0
                [!provide]                        PROVIDE (__init_array_start = .)
 *(SORT_BY_INIT_PRIORITY(.init_array.*) SORT_BY_INIT_PRIORITY(.ctors.*))
 *(.init_array EXCLUDE_FILE(*crtend?.o *crtend.o *crtbegin?.o *crtbegin.o) .ctors)
                [!provide]                        PROVIDE (__init_array_end = .)

.fini_array     0x00000000c00034e8        0x0
                [!provide]                        PROVIDE (__fini_array_start = .)
 *(SORT_BY_INIT_PRIORITY(.fini_array.*) SORT_BY_INIT_PRIORITY(.dtors.*))
 *(.fini_array EXCLUDE_FILE(*crtend?.o *crtend.o *crtbegin?.o *crtbegin.o) .dtors)
                [!provide]                        PROVIDE (__fini_array_end = .)

.ctors
 *crtbegin.o(.ctors)
 *crtbegin?.o(.ctors)
 *(EXCLUDE_FILE(*crtend?.o *crtend.o) .ctors)
 *(SORT_BY_NAME(.ctors.*))
 *(.ctors)

.dtors
 *crtbegin.o(.dtors)
 *crtbegin?.o(.dtors)
 *(EXCLUDE_FILE(*crtend?.o *crtend.o) .dtors)
 *(SORT_BY_NAME(.dtors.*))
 *(.dtors)

.jcr
 *(.jcr)

.data.rel.ro
 *(.data.rel.ro.local* .gnu.linkonce.d.rel.ro.local.*)
 *(.data.rel.ro .data.rel.ro.* .gnu.linkonce.d.rel.ro.*)

.dynamic
 *(.dynamic)

.got            0x00000000c00034e8        0x0
 *(.got)
 .got           0x00000000c00034e8        0x0 build/main.o
 *(.igot)
                0x00000000c00034e8                . = DATA_SEGMENT_RELRO_END (., (SIZEOF (.got.plt) >= 0xc)?0xc:0x0)

.got.plt        0x00000000c00034e8        0x0
 *(.got.plt)
 .got.plt       0x00000000c00034e8        0x0 build/main.o
 *(.igot.plt)
 .igot.plt      0x00000000c00034e8        0x0 build/main.o

.data           0x00000000c00034e8       0x8c
 *(.data .data.* .gnu.linkonce.d.*)
 .data          0x00000000c00034e8        0x0 build/main.o
 .data          0x00000000c00034e8        0x0 build/init.o
 .data          0x00000000c00034e8        0x0 build/interrupt.o
 .data          0x00000000c00034e8        0x0 build/timer.o
 .data          0x00000000c00034e8       0x84 build/kernel.o
                0x00000000c00034e8                intr_entry_table
 .data          0x00000000c000356c        0x8 build/print.o
 .data          0x00000000c0003574        0x0 build/debug.o

.data1
 *(.data1)
                0x00000000c0003574                _edata = .
                [!provide]                        PROVIDE (edata = .)
                0x00000000c0003574                . = .
                0x00000000c0003574                __bss_start = .

.bss            0x00000000c0003580      0x244
 *(.dynbss)
 *(.bss .bss.* .gnu.linkonce.b.*)
 .bss           0x00000000c0003580        0x0 build/main.o
 .bss           0x00000000c0003580        0x0 build/init.o
 .bss           0x00000000c0003580      0x108 build/interrupt.o
 .bss           0x00000000c0003688        0x0 build/timer.o
 .bss           0x00000000c0003688        0x0 build/debug.o
 *(COMMON)
 *fill*         0x00000000c0003688       0x18 
 COMMON         0x00000000c00036a0      0x124 build/interrupt.o
                0x00000000c00036a0                intr_name
                0x00000000c0003740                idt_table
                0x00000000c00037c4                . = ALIGN ((. != 0x0)?0x4:0x1)
                0x00000000c00037c4                . = ALIGN (0x4)
                0x00000000c00037c4                . = SEGMENT_START ("ldata-segment", .)
                0x00000000c00037c4                . = ALIGN (0x4)
                0x00000000c00037c4                _end = .
                [!provide]                        PROVIDE (end = .)
                0x00000000c00037c4                . = DATA_SEGMENT_END (.)

.stab
 *(.stab)

.stabstr
 *(.stabstr)

.stab.excl
 *(.stab.excl)

.stab.exclstr
 *(.stab.exclstr)

.stab.index
 *(.stab.index)

.stab.indexstr
 *(.stab.indexstr)

.comment        0x0000000000000000       0x11
 *(.comment)
 .comment       0x0000000000000000       0x11 build/main.o
                                         0x12 (size before relaxing)
 .comment       0x0000000000000011       0x12 build/init.o
 .comment       0x0000000000000011       0x12 build/interrupt.o
 .comment       0x0000000000000011       0x12 build/timer.o
 .comment       0x0000000000000011       0x12 build/debug.o

.gnu.build.attributes
 *(.gnu.build.attributes .gnu.build.attributes.*)

.debug
 *(.debug)

.line
 *(.line)

.debug_srcinfo
 *(.debug_srcinfo)

.debug_sfnames
 *(.debug_sfnames)

.debug_aranges
 *(.debug_aranges)

.debug_pubnames
 *(.debug_pubnames)

.debug_info
 *(.debug_info .gnu.linkonce.wi.*)

.debug_abbrev
 *(.debug_abbrev)

.debug_line
 *(.debug_line .debug_line.* .debug_line_end)

.debug_frame
 *(.debug_frame)

.debug_str
 *(.debug_str)

.debug_loc
 *(.debug_loc)

.debug_macinfo
 *(.debug_macinfo)

.debug_weaknames
 *(.debug_weaknames)

.debug_funcnames
 *(.debug_funcnames)

.debug_typenames
 *(.debug_typenames)

.debug_varnames
 *(.debug_varnames)

.debug_pubtypes
 *(.debug_pubtypes)

.debug_ranges
 *(.debug_ranges)

.debug_macro
 *(.debug_macro)

.debug_addr
 *(.debug_addr)

.gnu.attributes
 *(.gnu.attributes)

/DISCARD/
 *(.note.GNU-stack)
 *(.gnu_debuglink)
 *(.gnu.lto_*)
OUTPUT(build/kernel.bin elf32-i386)
