
Allocating common symbols
Common symbol       size              file

thread_ready_list   0x10              build/thread.o
thread_all_list     0x10              build/thread.o
user_pool           0x10              build/memory.o
intr_name           0x84              build/interrupt.o
main_thread         0x4               build/thread.o
ticks               0x4               build/timer.o
kernel_vaddr        0xc               build/memory.o
idt_table           0x84              build/interrupt.o
kernel_pool         0x10              build/memory.o

Memory Configuration

Name             Origin             Length             Attributes
*default*        0x0000000000000000 0xffffffffffffffff

Linker script and memory map

Address of section .text set to 0xc0001500
LOAD build/main.o
LOAD build/init.o
LOAD build/interrupt.o
LOAD build/timer.o
LOAD build/kernel.o
LOAD build/print.o
LOAD build/bitmap.o
LOAD build/memory.o
LOAD build/string.o
LOAD build/debug.o
LOAD build/thread.o
LOAD build/switch.o
LOAD build/list.o
                [!provide]                        PROVIDE (__executable_start = SEGMENT_START ("text-segment", 0x8048000))
                0x0000000008048074                . = (SEGMENT_START ("text-segment", 0x8048000) + SIZEOF_HEADERS)

.interp
 *(.interp)

.note.gnu.build-id
 *(.note.gnu.build-id)

.hash
 *(.hash)

.gnu.hash
 *(.gnu.hash)

.dynsym
 *(.dynsym)

.dynstr
 *(.dynstr)

.gnu.version
 *(.gnu.version)

.gnu.version_d
 *(.gnu.version_d)

.gnu.version_r
 *(.gnu.version_r)

.rel.dyn        0x0000000008048074        0x0
 *(.rel.init)
 *(.rel.text .rel.text.* .rel.gnu.linkonce.t.*)
 .rel.text      0x0000000008048074        0x0 build/main.o
 *(.rel.fini)
 *(.rel.rodata .rel.rodata.* .rel.gnu.linkonce.r.*)
 *(.rel.data.rel.ro .rel.data.rel.ro.* .rel.gnu.linkonce.d.rel.ro.*)
 *(.rel.data .rel.data.* .rel.gnu.linkonce.d.*)
 *(.rel.tdata .rel.tdata.* .rel.gnu.linkonce.td.*)
 *(.rel.tbss .rel.tbss.* .rel.gnu.linkonce.tb.*)
 *(.rel.ctors)
 *(.rel.dtors)
 *(.rel.got)
 .rel.got       0x0000000008048074        0x0 build/main.o
 *(.rel.bss .rel.bss.* .rel.gnu.linkonce.b.*)
 *(.rel.ifunc)

.rel.plt        0x0000000008048074        0x0
 *(.rel.plt)
                [!provide]                        PROVIDE (__rel_iplt_start = .)
 *(.rel.iplt)
 .rel.iplt      0x0000000008048074        0x0 build/main.o
                [!provide]                        PROVIDE (__rel_iplt_end = .)

.init
 *(SORT_NONE(.init))

.plt            0x0000000008048074        0x0
 *(.plt)
 *(.iplt)
 .iplt          0x0000000008048074        0x0 build/main.o

.plt.got
 *(.plt.got)

.plt.sec
 *(.plt.sec)

.text           0x00000000c0001500     0x1db5
 *(.text.unlikely .text.*_unlikely .text.unlikely.*)
 *(.text.exit .text.exit.*)
 *(.text.startup .text.startup.*)
 *(.text.hot .text.hot.*)
 *(SORT_BY_NAME(.text.sorted.*))
 *(.text .stub .text.* .gnu.linkonce.t.*)
 .text          0x00000000c0001500       0xc5 build/main.o
                0x00000000c0001500                main
                0x00000000c0001579                k_thread_a
                0x00000000c000159f                k_thread_b
 .text          0x00000000c00015c5       0x2d build/init.o
                0x00000000c00015c5                init_all
 .text          0x00000000c00015f2      0x434 build/interrupt.o
                0x00000000c0001911                intr_enable
                0x00000000c000193a                intr_disable
                0x00000000c0001963                intr_set_status
                0x00000000c0001981                intr_get_status
                0x00000000c000199e                register_handler
                0x00000000c00019bb                idt_init
 .text          0x00000000c0001a26      0x16e build/timer.o
                0x00000000c0001b41                timer_init
 *fill*         0x00000000c0001b94        0xc 
 .text          0x00000000c0001ba0      0x393 build/kernel.o
                0x00000000c0001ba0                intr_exit
 *fill*         0x00000000c0001f33        0xd 
 .text          0x00000000c0001f40      0x172 build/print.o
                0x00000000c0001f40                put_str
                0x00000000c0001f5e                put_char
                0x00000000c000202b                put_int
                0x00000000c000208e                set_cursor
 .text          0x00000000c00020b2      0x23d build/bitmap.o
                0x00000000c00020b2                bitmap_init
                0x00000000c00020d5                bitmap_scan_test
                0x00000000c0002114                bitmap_scan
                0x00000000c000223b                bitmap_set
 .text          0x00000000c00022ef      0x54f build/memory.o
                0x00000000c0002371                pte_ptr
                0x00000000c00023a1                pde_ptr
                0x00000000c0002526                malloc_page
                0x00000000c00025e5                get_kernel_pages
                0x00000000c00027fd                mem_init
 .text          0x00000000c000283e      0x3a7 build/string.o
                0x00000000c000283e                memset
                0x00000000c0002890                memcpy
                0x00000000c00028f0                memcmp
                0x00000000c000296d                strcpy
                0x00000000c00029c0                strlen
                0x00000000c0002a04                strcmp
                0x00000000c0002a71                strchr
                0x00000000c0002ac6                strrchr
                0x00000000c0002b21                strcat
                0x00000000c0002b87                strchrs
 .text          0x00000000c0002be5       0xd6 build/debug.o
                0x00000000c0002be5                panic_spin
 .text          0x00000000c0002cbb      0x3ec build/thread.o
                0x00000000c0002cbb                running_thread
                0x00000000c0002cec                thread_create
                0x00000000c0002d63                init_thread
                0x00000000c0002df6                thread_start
                0x00000000c0002f49                schedule
                0x00000000c0003059                thread_init
 *fill*         0x00000000c00030a7        0x9 
 .text          0x00000000c00030b0       0x15 build/switch.o
                0x00000000c00030b0                switch_to
 .text          0x00000000c00030c5      0x1f0 build/list.o
                0x00000000c00030c5                list_init
                0x00000000c00030f3                list_insert_before
                0x00000000c0003138                list_push
                0x00000000c0003156                list_append
                0x00000000c0003174                list_remove
                0x00000000c00031ae                list_pop
                0x00000000c00031d0                elem_find
                0x00000000c000320b                list_traversal
                0x00000000c0003268                list_len
                0x00000000c000329c                list_empty
 *(.gnu.warning)

.fini
 *(SORT_NONE(.fini))
                [!provide]                        PROVIDE (__etext = .)
                [!provide]                        PROVIDE (_etext = .)
                [!provide]                        PROVIDE (etext = .)

.rodata         0x00000000c00032b8      0x79d
 *(.rodata .rodata.* .gnu.linkonce.r.*)
 .rodata        0x00000000c00032b8       0x35 build/main.o
 .rodata        0x00000000c00032ed        0xa build/init.o
 *fill*         0x00000000c00032f7        0x1 
 .rodata        0x00000000c00032f8      0x2cd build/interrupt.o
 *fill*         0x00000000c00035c5        0x3 
 .rodata        0x00000000c00035c8       0x6b build/timer.o
 *fill*         0x00000000c0003633        0x1 
 .rodata        0x00000000c0003634       0x63 build/bitmap.o
 *fill*         0x00000000c0003697        0x1 
 .rodata        0x00000000c0003698      0x130 build/memory.o
 .rodata        0x00000000c00037c8       0xc4 build/string.o
 .rodata        0x00000000c000388c       0x3f build/debug.o
 *fill*         0x00000000c00038cb        0x1 
 .rodata        0x00000000c00038cc      0x189 build/thread.o

.rodata1
 *(.rodata1)

.eh_frame_hdr
 *(.eh_frame_hdr)
 *(.eh_frame_entry .eh_frame_entry.*)

.eh_frame       0x00000000c0003a58      0x7ec
 *(.eh_frame)
 .eh_frame      0x00000000c0003a58       0x74 build/main.o
 .eh_frame      0x00000000c0003acc       0x20 build/init.o
                                         0x38 (size before relaxing)
 .eh_frame      0x00000000c0003aec      0x188 build/interrupt.o
                                        0x1a0 (size before relaxing)
 .eh_frame      0x00000000c0003c74       0x8c build/timer.o
                                         0xa4 (size before relaxing)
 .eh_frame      0x00000000c0003d00       0x88 build/bitmap.o
                                         0xa0 (size before relaxing)
 .eh_frame      0x00000000c0003d88      0x120 build/memory.o
                                        0x138 (size before relaxing)
 .eh_frame      0x00000000c0003ea8      0x140 build/string.o
                                        0x158 (size before relaxing)
 .eh_frame      0x00000000c0003fe8       0x1c build/debug.o
                                         0x34 (size before relaxing)
 .eh_frame      0x00000000c0004004      0x100 build/thread.o
                                        0x118 (size before relaxing)
 .eh_frame      0x00000000c0004104      0x140 build/list.o
                                        0x158 (size before relaxing)
 *(.eh_frame.*)

.gcc_except_table
 *(.gcc_except_table .gcc_except_table.*)

.gnu_extab
 *(.gnu_extab*)

.exception_ranges
 *(.exception_ranges*)
                0x00000000c0005244                . = DATA_SEGMENT_ALIGN (CONSTANT (MAXPAGESIZE), CONSTANT (COMMONPAGESIZE))

.eh_frame
 *(.eh_frame)
 *(.eh_frame.*)

.gnu_extab
 *(.gnu_extab)

.gcc_except_table
 *(.gcc_except_table .gcc_except_table.*)

.exception_ranges
 *(.exception_ranges*)

.tdata          0x00000000c0005244        0x0
                [!provide]                        PROVIDE (__tdata_start = .)
 *(.tdata .tdata.* .gnu.linkonce.td.*)

.tbss
 *(.tbss .tbss.* .gnu.linkonce.tb.*)
 *(.tcommon)

.preinit_array  0x00000000c0005244        0x0
                [!provide]                        PROVIDE (__preinit_array_start = .)
 *(.preinit_array)
                [!provide]                        PROVIDE (__preinit_array_end = .)

.init_array     0x00000000c0005244        0x0
                [!provide]                        PROVIDE (__init_array_start = .)
 *(SORT_BY_INIT_PRIORITY(.init_array.*) SORT_BY_INIT_PRIORITY(.ctors.*))
 *(.init_array EXCLUDE_FILE(*crtend?.o *crtend.o *crtbegin?.o *crtbegin.o) .ctors)
                [!provide]                        PROVIDE (__init_array_end = .)

.fini_array     0x00000000c0005244        0x0
                [!provide]                        PROVIDE (__fini_array_start = .)
 *(SORT_BY_INIT_PRIORITY(.fini_array.*) SORT_BY_INIT_PRIORITY(.dtors.*))
 *(.fini_array EXCLUDE_FILE(*crtend?.o *crtend.o *crtbegin?.o *crtbegin.o) .dtors)
                [!provide]                        PROVIDE (__fini_array_end = .)

.ctors
 *crtbegin.o(.ctors)
 *crtbegin?.o(.ctors)
 *(EXCLUDE_FILE(*crtend?.o *crtend.o) .ctors)
 *(SORT_BY_NAME(.ctors.*))
 *(.ctors)

.dtors
 *crtbegin.o(.dtors)
 *crtbegin?.o(.dtors)
 *(EXCLUDE_FILE(*crtend?.o *crtend.o) .dtors)
 *(SORT_BY_NAME(.dtors.*))
 *(.dtors)

.jcr
 *(.jcr)

.data.rel.ro
 *(.data.rel.ro.local* .gnu.linkonce.d.rel.ro.local.*)
 *(.data.rel.ro .data.rel.ro.* .gnu.linkonce.d.rel.ro.*)

.dynamic
 *(.dynamic)

.got            0x00000000c0005244        0x0
 *(.got)
 .got           0x00000000c0005244        0x0 build/main.o
 *(.igot)
                0x00000000c0005244                . = DATA_SEGMENT_RELRO_END (., (SIZEOF (.got.plt) >= 0xc)?0xc:0x0)

.got.plt        0x00000000c0005244        0x0
 *(.got.plt)
 .got.plt       0x00000000c0005244        0x0 build/main.o
 *(.igot.plt)
 .igot.plt      0x00000000c0005244        0x0 build/main.o

.data           0x00000000c0005244       0x8c
 *(.data .data.* .gnu.linkonce.d.*)
 .data          0x00000000c0005244        0x0 build/main.o
 .data          0x00000000c0005244        0x0 build/init.o
 .data          0x00000000c0005244        0x0 build/interrupt.o
 .data          0x00000000c0005244        0x0 build/timer.o
 .data          0x00000000c0005244       0x84 build/kernel.o
                0x00000000c0005244                intr_entry_table
 .data          0x00000000c00052c8        0x8 build/print.o
 .data          0x00000000c00052d0        0x0 build/bitmap.o
 .data          0x00000000c00052d0        0x0 build/memory.o
 .data          0x00000000c00052d0        0x0 build/string.o
 .data          0x00000000c00052d0        0x0 build/debug.o
 .data          0x00000000c00052d0        0x0 build/thread.o
 .data          0x00000000c00052d0        0x0 build/list.o

.data1
 *(.data1)
                0x00000000c00052d0                _edata = .
                [!provide]                        PROVIDE (edata = .)
                0x00000000c00052d0                . = .
                0x00000000c00052d0                __bss_start = .

.bss            0x00000000c00052e0      0x298
 *(.dynbss)
 *(.bss .bss.* .gnu.linkonce.b.*)
 .bss           0x00000000c00052e0        0x0 build/main.o
 .bss           0x00000000c00052e0        0x0 build/init.o
 .bss           0x00000000c00052e0      0x108 build/interrupt.o
 .bss           0x00000000c00053e8        0x0 build/timer.o
 .bss           0x00000000c00053e8        0x0 build/bitmap.o
 .bss           0x00000000c00053e8        0x0 build/memory.o
 .bss           0x00000000c00053e8        0x0 build/string.o
 .bss           0x00000000c00053e8        0x0 build/debug.o
 .bss           0x00000000c00053e8        0x4 build/thread.o
 .bss           0x00000000c00053ec        0x0 build/list.o
 *(COMMON)
 *fill*         0x00000000c00053ec       0x14 
 COMMON         0x00000000c0005400      0x124 build/interrupt.o
                0x00000000c0005400                intr_name
                0x00000000c00054a0                idt_table
 COMMON         0x00000000c0005524        0x4 build/timer.o
                0x00000000c0005524                ticks
 COMMON         0x00000000c0005528       0x2c build/memory.o
                0x00000000c0005528                user_pool
                0x00000000c0005538                kernel_vaddr
                0x00000000c0005544                kernel_pool
 COMMON         0x00000000c0005554       0x24 build/thread.o
                0x00000000c0005554                thread_ready_list
                0x00000000c0005564                thread_all_list
                0x00000000c0005574                main_thread
                0x00000000c0005578                . = ALIGN ((. != 0x0)?0x4:0x1)
                0x00000000c0005578                . = ALIGN (0x4)
                0x00000000c0005578                . = SEGMENT_START ("ldata-segment", .)
                0x00000000c0005578                . = ALIGN (0x4)
                0x00000000c0005578                _end = .
                [!provide]                        PROVIDE (end = .)
                0x00000000c0005578                . = DATA_SEGMENT_END (.)

.stab
 *(.stab)

.stabstr
 *(.stabstr)

.stab.excl
 *(.stab.excl)

.stab.exclstr
 *(.stab.exclstr)

.stab.index
 *(.stab.index)

.stab.indexstr
 *(.stab.indexstr)

.comment        0x0000000000000000       0x11
 *(.comment)
 .comment       0x0000000000000000       0x11 build/main.o
                                         0x12 (size before relaxing)
 .comment       0x0000000000000011       0x12 build/init.o
 .comment       0x0000000000000011       0x12 build/interrupt.o
 .comment       0x0000000000000011       0x12 build/timer.o
 .comment       0x0000000000000011       0x12 build/bitmap.o
 .comment       0x0000000000000011       0x12 build/memory.o
 .comment       0x0000000000000011       0x12 build/string.o
 .comment       0x0000000000000011       0x12 build/debug.o
 .comment       0x0000000000000011       0x12 build/thread.o
 .comment       0x0000000000000011       0x12 build/list.o

.gnu.build.attributes
 *(.gnu.build.attributes .gnu.build.attributes.*)

.debug
 *(.debug)

.line
 *(.line)

.debug_srcinfo
 *(.debug_srcinfo)

.debug_sfnames
 *(.debug_sfnames)

.debug_aranges
 *(.debug_aranges)

.debug_pubnames
 *(.debug_pubnames)

.debug_info
 *(.debug_info .gnu.linkonce.wi.*)

.debug_abbrev
 *(.debug_abbrev)

.debug_line
 *(.debug_line .debug_line.* .debug_line_end)

.debug_frame
 *(.debug_frame)

.debug_str
 *(.debug_str)

.debug_loc
 *(.debug_loc)

.debug_macinfo
 *(.debug_macinfo)

.debug_weaknames
 *(.debug_weaknames)

.debug_funcnames
 *(.debug_funcnames)

.debug_typenames
 *(.debug_typenames)

.debug_varnames
 *(.debug_varnames)

.debug_pubtypes
 *(.debug_pubtypes)

.debug_ranges
 *(.debug_ranges)

.debug_macro
 *(.debug_macro)

.debug_addr
 *(.debug_addr)

.gnu.attributes
 *(.gnu.attributes)

/DISCARD/
 *(.note.GNU-stack)
 *(.gnu_debuglink)
 *(.gnu.lto_*)
OUTPUT(build/kernel.bin elf32-i386)
