
Allocating common symbols
Common symbol       size              file

kbd_buf             0x6c              build/keyboard.o
thread_ready_list   0x10              build/thread.o
thread_all_list     0x10              build/thread.o
user_pool           0x2c              build/memory.o
channel_cnt         0x1               build/ide.o
k_block_descs       0xa8              build/memory.o
idle_thread         0x4               build/thread.o
intr_name           0x204             build/interrupt.o
main_thread         0x4               build/thread.o
channels            0xcc0             build/ide.o
ticks               0x4               build/timer.o
kernel_vaddr        0xc               build/memory.o
syscall_table       0x80              build/syscall-init.o
idt_table           0x204             build/interrupt.o
partition_list      0x10              build/ide.o
kernel_pool         0x2c              build/memory.o
pid_lock            0x1c              build/thread.o

Memory Configuration

Name             Origin             Length             Attributes
*default*        0x0000000000000000 0xffffffffffffffff

Linker script and memory map

Address of section .text set to 0xc0001500
LOAD build/main.o
LOAD build/init.o
LOAD build/interrupt.o
LOAD build/timer.o
LOAD build/kernel.o
LOAD build/print.o
LOAD build/debug.o
LOAD build/memory.o
LOAD build/bitmap.o
LOAD build/string.o
LOAD build/thread.o
LOAD build/list.o
LOAD build/switch.o
LOAD build/console.o
LOAD build/sync.o
LOAD build/keyboard.o
LOAD build/ioqueue.o
LOAD build/tss.o
LOAD build/process.o
LOAD build/syscall.o
LOAD build/syscall-init.o
LOAD build/stdio.o
LOAD build/ide.o
LOAD build/stdio-kernel.o
LOAD build/fs.o
                [!provide]                        PROVIDE (__executable_start = SEGMENT_START ("text-segment", 0x8048000))
                0x0000000008048074                . = (SEGMENT_START ("text-segment", 0x8048000) + SIZEOF_HEADERS)

.interp
 *(.interp)

.note.gnu.build-id
 *(.note.gnu.build-id)

.hash
 *(.hash)

.gnu.hash
 *(.gnu.hash)

.dynsym
 *(.dynsym)

.dynstr
 *(.dynstr)

.gnu.version
 *(.gnu.version)

.gnu.version_d
 *(.gnu.version_d)

.gnu.version_r
 *(.gnu.version_r)

.rel.dyn        0x0000000008048074        0x0
 *(.rel.init)
 *(.rel.text .rel.text.* .rel.gnu.linkonce.t.*)
 .rel.text      0x0000000008048074        0x0 build/main.o
 *(.rel.fini)
 *(.rel.rodata .rel.rodata.* .rel.gnu.linkonce.r.*)
 *(.rel.data.rel.ro .rel.data.rel.ro.* .rel.gnu.linkonce.d.rel.ro.*)
 *(.rel.data .rel.data.* .rel.gnu.linkonce.d.*)
 *(.rel.tdata .rel.tdata.* .rel.gnu.linkonce.td.*)
 *(.rel.tbss .rel.tbss.* .rel.gnu.linkonce.tb.*)
 *(.rel.ctors)
 *(.rel.dtors)
 *(.rel.got)
 .rel.got       0x0000000008048074        0x0 build/main.o
 *(.rel.bss .rel.bss.* .rel.gnu.linkonce.b.*)
 *(.rel.ifunc)

.rel.plt        0x0000000008048074        0x0
 *(.rel.plt)
                [!provide]                        PROVIDE (__rel_iplt_start = .)
 *(.rel.iplt)
 .rel.iplt      0x0000000008048074        0x0 build/main.o
                [!provide]                        PROVIDE (__rel_iplt_end = .)

.init
 *(SORT_NONE(.init))

.plt            0x0000000008048074        0x0
 *(.plt)
 *(.iplt)
 .iplt          0x0000000008048074        0x0 build/main.o

.plt.got
 *(.plt.got)

.plt.sec
 *(.plt.sec)

.text           0x00000000c0001500     0x568e
 *(.text.unlikely .text.*_unlikely .text.unlikely.*)
 *(.text.exit .text.exit.*)
 *(.text.startup .text.startup.*)
 *(.text.hot .text.hot.*)
 *(SORT_BY_NAME(.text.sorted.*))
 *(.text .stub .text.* .gnu.linkonce.t.*)
 .text          0x00000000c0001500      0x322 build/main.o
                0x00000000c0001500                main
                0x00000000c0001528                k_thread_a
                0x00000000c000160c                k_thread_b
                0x00000000c00016f0                u_prog_a
                0x00000000c0001789                u_prog_b
 .text          0x00000000c0001822       0x50 build/init.o
                0x00000000c0001822                init_all
 .text          0x00000000c0001872      0x45f build/interrupt.o
                0x00000000c0001bbc                intr_enable
                0x00000000c0001be5                intr_disable
                0x00000000c0001c0e                intr_set_status
                0x00000000c0001c2c                intr_get_status
                0x00000000c0001c49                register_handler
                0x00000000c0001c66                idt_init
 .text          0x00000000c0001cd1      0x1e2 build/timer.o
                0x00000000c0001e15                mtime_sleep
                0x00000000c0001e60                timer_init
 *fill*         0x00000000c0001eb3        0xd 
 .text          0x00000000c0001ec0      0x55b build/kernel.o
                0x00000000c0001ec0                intr_exit
                0x00000000c00023f7                syscall_handler
 *fill*         0x00000000c000241b        0x5 
 .text          0x00000000c0002420      0x172 build/print.o
                0x00000000c0002420                put_str
                0x00000000c000243e                put_char
                0x00000000c000250b                put_int
                0x00000000c000256e                set_cursor
 .text          0x00000000c0002592       0xd6 build/debug.o
                0x00000000c0002592                panic_spin
 .text          0x00000000c0002668     0x10ea build/memory.o
                0x00000000c000277e                pte_ptr
                0x00000000c00027ae                pde_ptr
                0x00000000c0002929                malloc_page
                0x00000000c00029eb                get_kernel_pages
                0x00000000c0002a46                get_user_pages
                0x00000000c0002aa1                get_a_page
                0x00000000c0002c11                addr_v2p
                0x00000000c0002c64                sys_malloc
                0x00000000c0002f95                pfree
                0x00000000c00030cc                mfree_page
                0x00000000c000328b                sys_free
                0x00000000c000366e                block_desc_init
                0x00000000c0003701                mem_init
 .text          0x00000000c0003752      0x23d build/bitmap.o
                0x00000000c0003752                bitmap_init
                0x00000000c0003775                bitmap_scan_test
                0x00000000c00037b4                bitmap_scan
                0x00000000c00038db                bitmap_set
 .text          0x00000000c000398f      0x3a7 build/string.o
                0x00000000c000398f                memset
                0x00000000c00039e1                memcpy
                0x00000000c0003a41                memcmp
                0x00000000c0003abe                strcpy
                0x00000000c0003b11                strlen
                0x00000000c0003b55                strcmp
                0x00000000c0003bc2                strchr
                0x00000000c0003c17                strrchr
                0x00000000c0003c72                strcat
                0x00000000c0003cd8                strchrs
 .text          0x00000000c0003d36      0x695 build/thread.o
                0x00000000c0003d4d                running_thread
                0x00000000c0003db9                thread_create
                0x00000000c0003e30                init_thread
                0x00000000c0003ed5                thread_start
                0x00000000c0004028                schedule
                0x00000000c0004171                thread_block
                0x00000000c00041d4                thread_unblock
                0x00000000c00042ce                thread_yield
                0x00000000c0004352                thread_init
 .text          0x00000000c00043cb      0x1f0 build/list.o
                0x00000000c00043cb                list_init
                0x00000000c00043f9                list_insert_before
                0x00000000c000443e                list_push
                0x00000000c000445c                list_append
                0x00000000c000447a                list_remove
                0x00000000c00044b4                list_pop
                0x00000000c00044d6                elem_find
                0x00000000c0004511                list_traversal
                0x00000000c000456e                list_len
                0x00000000c00045a2                list_empty
 *fill*         0x00000000c00045bb        0x5 
 .text          0x00000000c00045c0       0x15 build/switch.o
                0x00000000c00045c0                switch_to
 .text          0x00000000c00045d5       0xb6 build/console.o
                0x00000000c00045d5                console_init
                0x00000000c00045ee                console_acquire
                0x00000000c0004607                console_release
                0x00000000c0004620                console_put_str
                0x00000000c0004641                console_put_char
                0x00000000c000466a                console_put_int
 .text          0x00000000c000468b      0x30a build/sync.o
                0x00000000c000468b                sema_init
                0x00000000c00046b4                lock_init
                0x00000000c00046e4                sema_down
                0x00000000c00047dc                sema_up
                0x00000000c0004888                lock_acquire
                0x00000000c00048fd                lock_release
 .text          0x00000000c0004995      0x2fc build/keyboard.o
                0x00000000c0004c46                keyboard_init
 .text          0x00000000c0004c91      0x2de build/ioqueue.o
                0x00000000c0004c91                ioqueue_init
                0x00000000c0004cec                ioq_full
                0x00000000c0004e01                ioq_getchar
                0x00000000c0004eb6                ioq_putchar
 .text          0x00000000c0004f6f      0x183 build/tss.o
                0x00000000c0004f6f                update_tss_esp
                0x00000000c0004fe8                tss_init
 .text          0x00000000c00050f2      0x363 build/process.o
                0x00000000c00050f2                start_process
                0x00000000c00051f7                page_dir_activate
                0x00000000c000522c                process_activate
                0x00000000c000527a                create_page_dir
                0x00000000c00052f2                create_user_vaddr_bitmap
                0x00000000c000533c                process_execute
 .text          0x00000000c0005455       0x70 build/syscall.o
                0x00000000c0005455                getpid
                0x00000000c000546a                write
                0x00000000c0005489                malloc
                0x00000000c00054a8                free
 .text          0x00000000c00054c5       0x86 build/syscall-init.o
                0x00000000c00054c5                sys_getpid
                0x00000000c00054d6                sys_write
                0x00000000c00054fa                syscall_init
 .text          0x00000000c000554b      0x28c build/stdio.o
                0x00000000c00055d2                vsprintf
                0x00000000c0005742                sprintf
                0x00000000c0005772                printf
 .text          0x00000000c00057d7      0xd61 build/ide.o
                0x00000000c0005ace                ide_read
                0x00000000c0005c42                ide_write
                0x00000000c0006258                intr_hd_handler
                0x00000000c0006320                ide_init
 .text          0x00000000c0006538       0x66 build/stdio-kernel.o
                0x00000000c0006538                printk
 .text          0x00000000c000659e      0x5f0 build/fs.o
                0x00000000c00069ea                filesys_init
 *(.gnu.warning)

.fini
 *(SORT_NONE(.fini))
                [!provide]                        PROVIDE (__etext = .)
                [!provide]                        PROVIDE (_etext = .)
                [!provide]                        PROVIDE (etext = .)

.rodata         0x00000000c0006b90     0x130d
 *(.rodata .rodata.* .gnu.linkonce.r.*)
 .rodata        0x00000000c0006b90       0x88 build/main.o
 .rodata        0x00000000c0006c18        0xa build/init.o
 *fill*         0x00000000c0006c22        0x2 
 .rodata        0x00000000c0006c24      0x2cd build/interrupt.o
 *fill*         0x00000000c0006ef1        0x3 
 .rodata        0x00000000c0006ef4       0x88 build/timer.o
 .rodata        0x00000000c0006f7c       0x3f build/debug.o
 *fill*         0x00000000c0006fbb        0x1 
 .rodata        0x00000000c0006fbc      0x3bd build/memory.o
 *fill*         0x00000000c0007379        0x3 
 .rodata        0x00000000c000737c       0x6b build/bitmap.o
 *fill*         0x00000000c00073e7        0x1 
 .rodata        0x00000000c00073e8       0xc4 build/string.o
 .rodata        0x00000000c00074ac      0x2dd build/thread.o
 *fill*         0x00000000c0007789        0x3 
 .rodata        0x00000000c000778c      0x135 build/sync.o
 .rodata        0x00000000c00078c1       0x36 build/keyboard.o
 *fill*         0x00000000c00078f7        0x1 
 .rodata        0x00000000c00078f8       0xa8 build/ioqueue.o
 .rodata        0x00000000c00079a0       0x27 build/tss.o
 *fill*         0x00000000c00079c7        0x1 
 .rodata        0x00000000c00079c8       0xe0 build/process.o
 .rodata        0x00000000c0007aa8       0x27 build/syscall-init.o
 *fill*         0x00000000c0007acf        0x1 
 .rodata        0x00000000c0007ad0      0x1f9 build/ide.o
 *fill*         0x00000000c0007cc9        0x3 
 .rodata        0x00000000c0007ccc      0x1d1 build/fs.o

.rodata1
 *(.rodata1)

.eh_frame_hdr
 *(.eh_frame_hdr)
 *(.eh_frame_entry .eh_frame_entry.*)

.eh_frame       0x00000000c0007ea0     0x12cc
 *(.eh_frame)
 .eh_frame      0x00000000c0007ea0       0xac build/main.o
 .eh_frame      0x00000000c0007f4c       0x20 build/init.o
                                         0x38 (size before relaxing)
 .eh_frame      0x00000000c0007f6c      0x188 build/interrupt.o
                                        0x1a0 (size before relaxing)
 .eh_frame      0x00000000c00080f4       0xcc build/timer.o
                                         0xe4 (size before relaxing)
 .eh_frame      0x00000000c00081c0       0x1c build/debug.o
                                         0x34 (size before relaxing)
 .eh_frame      0x00000000c00081dc      0x2a0 build/memory.o
                                        0x2b8 (size before relaxing)
 .eh_frame      0x00000000c000847c       0x88 build/bitmap.o
                                         0xa0 (size before relaxing)
 .eh_frame      0x00000000c0008504      0x140 build/string.o
                                        0x158 (size before relaxing)
 .eh_frame      0x00000000c0008644      0x19c build/thread.o
                                        0x1b4 (size before relaxing)
 .eh_frame      0x00000000c00087e0      0x140 build/list.o
                                        0x158 (size before relaxing)
 .eh_frame      0x00000000c0008920       0xc0 build/console.o
                                         0xd8 (size before relaxing)
 .eh_frame      0x00000000c00089e0       0xc8 build/sync.o
                                         0xe0 (size before relaxing)
 .eh_frame      0x00000000c0008aa8       0x60 build/keyboard.o
                                         0x78 (size before relaxing)
 .eh_frame      0x00000000c0008b08      0x100 build/ioqueue.o
                                        0x118 (size before relaxing)
 .eh_frame      0x00000000c0008c08       0x64 build/tss.o
                                         0x7c (size before relaxing)
 .eh_frame      0x00000000c0008c6c       0xc0 build/process.o
                                         0xd8 (size before relaxing)
 .eh_frame      0x00000000c0008d2c       0x8c build/syscall.o
                                         0xa4 (size before relaxing)
 .eh_frame      0x00000000c0008db8       0x60 build/syscall-init.o
                                         0x78 (size before relaxing)
 .eh_frame      0x00000000c0008e18       0x88 build/stdio.o
                                         0xa0 (size before relaxing)
 .eh_frame      0x00000000c0008ea0      0x254 build/ide.o
                                        0x26c (size before relaxing)
 .eh_frame      0x00000000c00090f4       0x24 build/stdio-kernel.o
                                         0x3c (size before relaxing)
 .eh_frame      0x00000000c0009118       0x54 build/fs.o
                                         0x6c (size before relaxing)
 *(.eh_frame.*)

.gcc_except_table
 *(.gcc_except_table .gcc_except_table.*)

.gnu_extab
 *(.gnu_extab*)

.exception_ranges
 *(.exception_ranges*)
                0x00000000c000a16c                . = DATA_SEGMENT_ALIGN (CONSTANT (MAXPAGESIZE), CONSTANT (COMMONPAGESIZE))

.eh_frame
 *(.eh_frame)
 *(.eh_frame.*)

.gnu_extab
 *(.gnu_extab)

.gcc_except_table
 *(.gcc_except_table .gcc_except_table.*)

.exception_ranges
 *(.exception_ranges*)

.tdata          0x00000000c000a16c        0x0
                [!provide]                        PROVIDE (__tdata_start = .)
 *(.tdata .tdata.* .gnu.linkonce.td.*)

.tbss
 *(.tbss .tbss.* .gnu.linkonce.tb.*)
 *(.tcommon)

.preinit_array  0x00000000c000a16c        0x0
                [!provide]                        PROVIDE (__preinit_array_start = .)
 *(.preinit_array)
                [!provide]                        PROVIDE (__preinit_array_end = .)

.init_array     0x00000000c000a16c        0x0
                [!provide]                        PROVIDE (__init_array_start = .)
 *(SORT_BY_INIT_PRIORITY(.init_array.*) SORT_BY_INIT_PRIORITY(.ctors.*))
 *(.init_array EXCLUDE_FILE(*crtend?.o *crtend.o *crtbegin?.o *crtbegin.o) .ctors)
                [!provide]                        PROVIDE (__init_array_end = .)

.fini_array     0x00000000c000a16c        0x0
                [!provide]                        PROVIDE (__fini_array_start = .)
 *(SORT_BY_INIT_PRIORITY(.fini_array.*) SORT_BY_INIT_PRIORITY(.dtors.*))
 *(.fini_array EXCLUDE_FILE(*crtend?.o *crtend.o *crtbegin?.o *crtbegin.o) .dtors)
                [!provide]                        PROVIDE (__fini_array_end = .)

.ctors
 *crtbegin.o(.ctors)
 *crtbegin?.o(.ctors)
 *(EXCLUDE_FILE(*crtend?.o *crtend.o) .ctors)
 *(SORT_BY_NAME(.ctors.*))
 *(.ctors)

.dtors
 *crtbegin.o(.dtors)
 *crtbegin?.o(.dtors)
 *(EXCLUDE_FILE(*crtend?.o *crtend.o) .dtors)
 *(SORT_BY_NAME(.dtors.*))
 *(.dtors)

.jcr
 *(.jcr)

.data.rel.ro
 *(.data.rel.ro.local* .gnu.linkonce.d.rel.ro.local.*)
 *(.data.rel.ro .data.rel.ro.* .gnu.linkonce.d.rel.ro.*)

.dynamic
 *(.dynamic)

.got            0x00000000c000a16c        0x0
 *(.got)
 .got           0x00000000c000a16c        0x0 build/main.o
 *(.igot)
                0x00000000c000a16c                . = DATA_SEGMENT_RELRO_END (., (SIZEOF (.got.plt) >= 0xc)?0xc:0x0)

.got.plt        0x00000000c000a16c        0x0
 *(.got.plt)
 .got.plt       0x00000000c000a16c        0x0 build/main.o
 *(.igot.plt)
 .igot.plt      0x00000000c000a16c        0x0 build/main.o

.data           0x00000000c000a180      0x156
 *(.data .data.* .gnu.linkonce.d.*)
 .data          0x00000000c000a180        0x0 build/main.o
 .data          0x00000000c000a180        0x0 build/init.o
 .data          0x00000000c000a180        0x0 build/interrupt.o
 .data          0x00000000c000a180        0x0 build/timer.o
 .data          0x00000000c000a180       0xc0 build/kernel.o
                0x00000000c000a180                intr_entry_table
 .data          0x00000000c000a240        0x8 build/print.o
 .data          0x00000000c000a248        0x0 build/debug.o
 .data          0x00000000c000a248        0x0 build/memory.o
 .data          0x00000000c000a248        0x0 build/bitmap.o
 .data          0x00000000c000a248        0x0 build/string.o
 .data          0x00000000c000a248        0x0 build/thread.o
 .data          0x00000000c000a248        0x0 build/list.o
 .data          0x00000000c000a248        0x0 build/console.o
 .data          0x00000000c000a248        0x0 build/sync.o
 *fill*         0x00000000c000a248       0x18 
 .data          0x00000000c000a260       0x76 build/keyboard.o
 .data          0x00000000c000a2d6        0x0 build/ioqueue.o
 .data          0x00000000c000a2d6        0x0 build/tss.o
 .data          0x00000000c000a2d6        0x0 build/process.o
 .data          0x00000000c000a2d6        0x0 build/syscall.o
 .data          0x00000000c000a2d6        0x0 build/syscall-init.o
 .data          0x00000000c000a2d6        0x0 build/stdio.o
 .data          0x00000000c000a2d6        0x0 build/ide.o
 .data          0x00000000c000a2d6        0x0 build/stdio-kernel.o
 .data          0x00000000c000a2d6        0x0 build/fs.o

.data1
 *(.data1)
                0x00000000c000a2d6                _edata = .
                [!provide]                        PROVIDE (edata = .)
                0x00000000c000a2d6                . = .
                0x00000000c000a2d6                __bss_start = .

.bss            0x00000000c000a2e0     0x1870
 *(.dynbss)
 *(.bss .bss.* .gnu.linkonce.b.*)
 .bss           0x00000000c000a2e0        0x0 build/main.o
 .bss           0x00000000c000a2e0        0x0 build/init.o
 .bss           0x00000000c000a2e0      0x408 build/interrupt.o
 .bss           0x00000000c000a6e8        0x0 build/timer.o
 .bss           0x00000000c000a6e8        0x0 build/debug.o
 .bss           0x00000000c000a6e8        0x0 build/memory.o
 .bss           0x00000000c000a6e8        0x0 build/bitmap.o
 .bss           0x00000000c000a6e8        0x0 build/string.o
 .bss           0x00000000c000a6e8        0x6 build/thread.o
 .bss           0x00000000c000a6ee        0x0 build/list.o
 *fill*         0x00000000c000a6ee        0x2 
 .bss           0x00000000c000a6f0       0x1c build/console.o
 .bss           0x00000000c000a70c        0x0 build/sync.o
 .bss           0x00000000c000a70c       0x14 build/keyboard.o
 .bss           0x00000000c000a720        0x0 build/ioqueue.o
 .bss           0x00000000c000a720       0x6c build/tss.o
 .bss           0x00000000c000a78c        0x0 build/process.o
 .bss           0x00000000c000a78c        0x0 build/syscall.o
 .bss           0x00000000c000a78c        0x0 build/syscall-init.o
 .bss           0x00000000c000a78c        0x0 build/stdio.o
 .bss           0x00000000c000a78c        0x6 build/ide.o
                0x00000000c000a78c                ext_lba_base
                0x00000000c000a790                p_no
                0x00000000c000a791                l_no
 .bss           0x00000000c000a792        0x0 build/stdio-kernel.o
 .bss           0x00000000c000a792        0x0 build/fs.o
 *(COMMON)
 *fill*         0x00000000c000a792        0xe 
 COMMON         0x00000000c000a7a0      0x424 build/interrupt.o
                0x00000000c000a7a0                intr_name
                0x00000000c000a9c0                idt_table
 COMMON         0x00000000c000abc4        0x4 build/timer.o
                0x00000000c000abc4                ticks
 *fill*         0x00000000c000abc8       0x18 
 COMMON         0x00000000c000abe0      0x12c build/memory.o
                0x00000000c000abe0                user_pool
                0x00000000c000ac20                k_block_descs
                0x00000000c000acc8                kernel_vaddr
                0x00000000c000ace0                kernel_pool
 COMMON         0x00000000c000ad0c       0x44 build/thread.o
                0x00000000c000ad0c                thread_ready_list
                0x00000000c000ad1c                thread_all_list
                0x00000000c000ad2c                idle_thread
                0x00000000c000ad30                main_thread
                0x00000000c000ad34                pid_lock
 *fill*         0x00000000c000ad50       0x10 
 COMMON         0x00000000c000ad60       0x6c build/keyboard.o
                0x00000000c000ad60                kbd_buf
 *fill*         0x00000000c000adcc       0x14 
 COMMON         0x00000000c000ade0       0x80 build/syscall-init.o
                0x00000000c000ade0                syscall_table
 COMMON         0x00000000c000ae60      0xcf0 build/ide.o
                0x00000000c000ae60                channel_cnt
                0x00000000c000ae80                channels
                0x00000000c000bb40                partition_list
                0x00000000c000bb50                . = ALIGN ((. != 0x0)?0x4:0x1)
                0x00000000c000bb50                . = ALIGN (0x4)
                0x00000000c000bb50                . = SEGMENT_START ("ldata-segment", .)
                0x00000000c000bb50                . = ALIGN (0x4)
                0x00000000c000bb50                _end = .
                [!provide]                        PROVIDE (end = .)
                0x00000000c000bb50                . = DATA_SEGMENT_END (.)

.stab
 *(.stab)

.stabstr
 *(.stabstr)

.stab.excl
 *(.stab.excl)

.stab.exclstr
 *(.stab.exclstr)

.stab.index
 *(.stab.index)

.stab.indexstr
 *(.stab.indexstr)

.comment        0x0000000000000000       0x11
 *(.comment)
 .comment       0x0000000000000000       0x11 build/main.o
                                         0x12 (size before relaxing)
 .comment       0x0000000000000011       0x12 build/init.o
 .comment       0x0000000000000011       0x12 build/interrupt.o
 .comment       0x0000000000000011       0x12 build/timer.o
 .comment       0x0000000000000011       0x12 build/debug.o
 .comment       0x0000000000000011       0x12 build/memory.o
 .comment       0x0000000000000011       0x12 build/bitmap.o
 .comment       0x0000000000000011       0x12 build/string.o
 .comment       0x0000000000000011       0x12 build/thread.o
 .comment       0x0000000000000011       0x12 build/list.o
 .comment       0x0000000000000011       0x12 build/console.o
 .comment       0x0000000000000011       0x12 build/sync.o
 .comment       0x0000000000000011       0x12 build/keyboard.o
 .comment       0x0000000000000011       0x12 build/ioqueue.o
 .comment       0x0000000000000011       0x12 build/tss.o
 .comment       0x0000000000000011       0x12 build/process.o
 .comment       0x0000000000000011       0x12 build/syscall.o
 .comment       0x0000000000000011       0x12 build/syscall-init.o
 .comment       0x0000000000000011       0x12 build/stdio.o
 .comment       0x0000000000000011       0x12 build/ide.o
 .comment       0x0000000000000011       0x12 build/stdio-kernel.o
 .comment       0x0000000000000011       0x12 build/fs.o

.gnu.build.attributes
 *(.gnu.build.attributes .gnu.build.attributes.*)

.debug
 *(.debug)

.line
 *(.line)

.debug_srcinfo
 *(.debug_srcinfo)

.debug_sfnames
 *(.debug_sfnames)

.debug_aranges
 *(.debug_aranges)

.debug_pubnames
 *(.debug_pubnames)

.debug_info
 *(.debug_info .gnu.linkonce.wi.*)

.debug_abbrev
 *(.debug_abbrev)

.debug_line
 *(.debug_line .debug_line.* .debug_line_end)

.debug_frame
 *(.debug_frame)

.debug_str
 *(.debug_str)

.debug_loc
 *(.debug_loc)

.debug_macinfo
 *(.debug_macinfo)

.debug_weaknames
 *(.debug_weaknames)

.debug_funcnames
 *(.debug_funcnames)

.debug_typenames
 *(.debug_typenames)

.debug_varnames
 *(.debug_varnames)

.debug_pubtypes
 *(.debug_pubtypes)

.debug_ranges
 *(.debug_ranges)

.debug_macro
 *(.debug_macro)

.debug_addr
 *(.debug_addr)

.gnu.attributes
 *(.gnu.attributes)

/DISCARD/
 *(.note.GNU-stack)
 *(.gnu_debuglink)
 *(.gnu.lto_*)
OUTPUT(build/kernel.bin elf32-i386)
